
  [32m[1mVITE[22m v6.4.2[39m  [2mready in [0m[1m799[22m[2m[0m ms[22m

  [32m➜[39m  [1mLocal[22m:   [36mhttp://127.0.0.1:[1m5173[22m/webui/[39m
[2m[32m  ➜[39m[22m[2m  press [22m[1mh + enter[22m[2m to show help[22m
[2m12:47:29[22m [36m[1m[vite][22m[39m [90m[2m(client)[22m[39m [32mhmr update [39m[2m/src/pages/ReportPage.tsx, /src/index.css[22m
[2m12:47:30[22m [36m[1m[vite][22m[39m [90m[2m(client)[22m[39m [32mhmr update [39m[2m/src/pages/ReportPage.tsx, /src/index.css[22m
[2m12:47:38[22m [36m[1m[vite][22m[39m [90m[2m(client)[22m[39m [32mhmr update [39m[2m/src/pages/ReportPage.tsx, /src/index.css[22m
[2m13:25:21[22m [36m[1m[vite][22m[39m [90m[2m(client)[22m[39m [32mhmr update [39m[2m/src/pages/ReportPage.tsx, /src/index.css[22m
[2m13:25:42[22m [36m[1m[vite][22m[39m [90m[2m(client)[22m[39m [32mhmr update [39m[2m/src/pages/ReportPage.tsx, /src/index.css[22m
[2m13:26:00[22m [36m[1m[vite][22m[39m [90m[2m(client)[22m[39m [32mhmr update [39m[2m/src/pages/ReportPage.tsx, /src/index.css[22m
[2m13:26:22[22m [36m[1m[vite][22m[39m [90m[2m(client)[22m[39m [32mhmr update [39m[2m/src/pages/[2m00:54:46[22m [36m[1m[vite][22m[39m [32mvite.config.js changed, restarting server...[39m
[2m00:54:46[22m [36m[1m[vite][22m[39m server restarted.
[2m03:44:29[22m [36m[1m[vite][22m[39m [90m[2m(client)[22m[39m [32mhmr update [39m[2m/src/pages/ReportPage.tsx, /src/index.css[22m
[2m03:50:14[22m [36m[1m[vite][22m[39m [90m[2m(client)[22m[39m [32mhmr update [39m[2m/src/pages/ReportPage.tsx, /src/index.css[22m
src/index.css[22m
[2m13:28:13[22m [36m[1m[vite][22m[39m [90m[2m(client)[22m[39m [32mhmr update [39m[2m/src/pages/ReportPage.tsx, /src/index.css[22m
[2m13:28:37[22m [36m[1m[vite][22m[39m [90m[2m(client)[22m[39m [32mhmr update [39m[2m/src/pages/ReportPage.tsx, /src/index.css[22m
[2m13:28:51[22m [36m[1m[vite][22m[39m [90m[2m(client)[22m[39m [32mhmr update [39m[2m/src/pages/ReportPage.tsx, /src/index.css[22m
[2m13:32:42[22m [36m[1m[vite][22m[39m [90m[2m(client)[22m[39m [32mhmr update [39m[2m/src/pages/ReportPage.tsx, /src/index.css[22m
[2m13:32:50[22m [36m[1m[vite][22m[39m [90m[2m(client)[22m[39m [32mhmr update [39m[2m/src/pages/ReportPage.tsx, /src/index.css[22m
[2m13:34:55[22m [36m[1m[vite][22m[39m [90m[2m(client)[22m[39m [32mhmr update [39m[2m/src/pages/ReportPage.tsx, /src/index.css[22m
[2m13:40:58[22m [36m[1m[vite][22m[39m [90m[2m(client)[22m[39m [32mhmr update [39m[2m/src/pages/ReportPage.tsx, /src/index.css[22m
[2m13:40:58[22m [36m[1m[vite][22m[39m [90m[2m(client)[22m[39m [32mhmr update [39m[2m/src/pages/ReportPage.tsx, /src/index.css[22m
[2m13:44:49[22m [36m[1m[vite][22m[39m [90m[2m(client)[22m[39m [32mhmr update [39m[2m/src/pages/ReportPage.tsx, /src/index.css[22m
